=========================================
Job      : ips_experiment  (410686)
Node     : bigpu06
Started  : Thu May 21 12:57:33 AM CEST 2026
Notebook : ips-keras-style.ipynb
Results  : ips-project/results/ips-keras-style
=========================================
[OK] Kaggle credentials : /users/jlacmou/supports/aubin/master-research-codes/ips-project/../kaggle.json
[SETUP] Installation des dépendances...
[CHECK] Vérification des datasets...
  [MISSING] samriddhibagchi/ddr-dataset-credits-to-authors — téléchargement...
Dataset URL: https://www.kaggle.com/datasets/samriddhibagchi/ddr-dataset-credits-to-authors
License(s): MIT
Downloading ddr-dataset-credits-to-authors.zip to ips-project/data/datasets/samriddhibagchi/ddr-dataset-credits-to-authors

  [OK]      samriddhibagchi/ddr-dataset-credits-to-authors téléchargé
  [MISSING] aubinyoumbi/ips-node21-v1 — téléchargement...
Dataset URL: https://www.kaggle.com/datasets/aubinyoumbi/ips-node21-v1
License(s): unknown
Downloading ips-node21-v1.zip to ips-project/data/datasets/aubinyoumbi/ips-node21-v1

  [OK]      aubinyoumbi/ips-node21-v1 téléchargé
  [MISSING] tandem03/luna16-byol-features — téléchargement...
Dataset URL: https://www.kaggle.com/datasets/tandem03/luna16-byol-features
License(s): other
Downloading luna16-byol-features.zip to ips-project/data/datasets/tandem03/luna16-byol-features

  [OK]      tandem03/luna16-byol-features téléchargé
  [MISSING] pshikk/node-21-dataset-untampered — téléchargement...
Dataset URL: https://www.kaggle.com/datasets/pshikk/node-21-dataset-untampered
License(s): Attribution-NonCommercial-NoDerivatives 4.0 International (CC BY-NC-ND 4.0)
Downloading node-21-dataset-untampered.zip to ips-project/data/datasets/pshikk/node-21-dataset-untampered

  [OK]      pshikk/node-21-dataset-untampered téléchargé

[CONVERT] Notebook → script Python...
[OK] Script généré : ips-project/_run_ips-keras-style.py
[PATCH] Remplacement des chemins...
  /kaggle/input/datasets  → ips-project/data/datasets/
  /kaggle/working         → ips-project/outputs
  checkpoints             → ips-project/results/ips-keras-style/checkpoints/
  history                 → ips-project/results/ips-keras-style/history/
  experiments             → ips-project/results/ips-keras-style/experiments/
  saliency                → ips-project/results/ips-keras-style/saliency/
  Patch OK.

[RUN] Démarrage — Thu May 21 01:41:50 AM CEST 2026
=========================================
