=========================================
Job      : ips_experiment  (411637)
Node     : bigpu04
Started  : Fri May 22 08:21:02 AM CEST 2026
Notebook : ips-keras-style.ipynb
Results  : ips-project/results/ips-keras-style
=========================================
[OK] Kaggle credentials : /users/jlacmou/supports/aubin/master-research-codes/ips-project/../kaggle.json
[SETUP] Installation des dépendances...
Found existing installation: torch 2.12.0
Uninstalling torch-2.12.0:
  Successfully uninstalled torch-2.12.0
Found existing installation: torchvision 0.27.0
Uninstalling torchvision-0.27.0:
  Successfully uninstalled torchvision-0.27.0
[CHECK] Vérification des datasets...
  [OK]      samriddhibagchi/ddr-dataset-credits-to-authors
  [OK]      aubinyoumbi/ips-node21-v1
  [OK]      tandem03/luna16-byol-features
  [OK]      pshikk/node-21-dataset-untampered

[CONVERT] Notebook → script Python...
[OK] Script généré : ips-project/_run_ips-keras-style.py
[PATCH] Remplacement des chemins...
  /kaggle/input/datasets  → ips-project/data/datasets/
  /kaggle/working         → ips-project/outputs
  checkpoints             → ips-project/results/ips-keras-style/checkpoints/
  history                 → ips-project/results/ips-keras-style/history/
  experiments             → ips-project/results/ips-keras-style/experiments/
  saliency                → ips-project/results/ips-keras-style/saliency/
  Patch OK.

[RUN] Démarrage — Fri May 22 08:23:51 AM CEST 2026
=========================================
Device  : cuda
GPUs disponibles : 1
  GPU 0 : Tesla V100-PCIE-32GB — 34.1 GB
PyTorch : 2.12.0+cu126
Dataset     : ips-project/data/datasets/pshikk/node-21-dataset-untampered
n_epoch     : 50
M=10, I=16, D=512
Tasks       : ['nodule']
Dataset     : ips-project/data/datasets/tandem03/luna16-byol-features
is_image    : False
n_chan_in   : 2048  (features 2048D)
N=5068, M=10, I=16, D=512
Tasks       : ['nodule']
Dataset  : ips-project/data/datasets/samriddhibagchi/ddr-dataset-credits-to-authors/DDR-dataset
n_class  : 5
Tasks    : ['dr_grade']
Métriques: ['accuracy', 'kappa', 'f1']
Train : 3902 images (pos=915, neg=2987)
Input shape : torch.Size([64, 1, 128, 128])
Label       : 1
[DDRDataset] split=train |  6260 imgs | C0=3133, C1=315, C2=2238, C3=118, C4=456
[DDRDataset] split=valid |  2503 imgs | C0=1253, C1=126, C2=895, C3=47, C4=182
[DDRDataset] split=test  |  3759 imgs | C0=1880, C1=189, C2=1344, C3=71, C4=275

Input shape  : torch.Size([49, 3, 128, 128])
Label        : 0
N patches    : 49
Labels uniques (train, 200 premiers) : [0]
Downloading: "https://download.pytorch.org/models/resnet18-f37072fd.pth" to ips-project/backbone_cache/hub/checkpoints/resnet18-f37072fd.pth
[Encoder] ImageNet (resnet18)
Params : 14.322 M
Logger instancié ✓
Tasks : ['nodule']
adjust_learning_rate : ✓
shuffle_batch        : ✓
shuffle_instance     : ✓
[Encoder] ImageNet (resnet18)
UniversalEngine instancié ✓
Optimizer : AdamW
Critères  : ['nodule']
History keys (train) : ['loss', 'accuracy', 'auc', 'f1', 'precision', 'recall']
save_saliency + show_saliency_from_disk attachés ✓
UniversalEngine.show_saliency patché ✓
Logger.compute_metric patché ✓  (kappa QWK + f1 macro)
Logger.update patché ✓  (stockage vecteur probs complet)

DataFactory registry : ['node21', 'luna16', 'ddr']
Logger patché — metrics test : [{'accuracy': 1.0, 'kappa': 1.0, 'f1': 1.0}]
[DDRDataset] split=train |  6260 imgs | C0=3133, C1=315, C2=2238, C3=118, C4=456
[DDRDataset] split=valid |  2503 imgs | C0=1253, C1=126, C2=895, C3=47, C4=182
[Encoder] ImageNet (resnet18)
UniversalEngine instancié ✓
Optimizer : AdamW
Critères  : ['dr_grade']
History keys (train) : ['loss', 'accuracy', 'kappa', 'f1']

==================================================
Run        : ips_ddr_v1
Paramètres : 14.330 M
==================================================

Train Epoch: 1
task: dr_grade, loss: 1.15297, accuracy: 0.51534, kappa: 0.22491, f1: 0.23667
avg loss: 1.15297, lr: 0.000020

Test Epoch: 1
task: dr_grade, loss: 0.87629, accuracy: 0.66041, kappa: 0.53050, f1: 0.29797
avg loss: 0.87629

Train Epoch: 2
task: dr_grade, loss: 0.82533, accuracy: 0.67700, kappa: 0.58810, f1: 0.37246
avg loss: 0.82533, lr: 0.000040

Test Epoch: 2
task: dr_grade, loss: 0.70786, accuracy: 0.73352, kappa: 0.73065, f1: 0.38984
avg loss: 0.70786

Train Epoch: 3
task: dr_grade, loss: 0.72992, accuracy: 0.72460, kappa: 0.66148, f1: 0.43829
avg loss: 0.72992, lr: 0.000060

Test Epoch: 3
task: dr_grade, loss: 0.75489, accuracy: 0.71794, kappa: 0.71547, f1: 0.44846
avg loss: 0.75489

Train Epoch: 4
task: dr_grade, loss: 0.70289, accuracy: 0.74089, kappa: 0.69235, f1: 0.46021
avg loss: 0.70289, lr: 0.000080

Test Epoch: 4
task: dr_grade, loss: 0.66439, accuracy: 0.79185, kappa: 0.75356, f1: 0.49230
avg loss: 0.66439

Train Epoch: 5
task: dr_grade, loss: 0.67861, accuracy: 0.75176, kappa: 0.70602, f1: 0.50195
avg loss: 0.67861, lr: 0.000100

Test Epoch: 5
task: dr_grade, loss: 0.61340, accuracy: 0.79425, kappa: 0.78559, f1: 0.53557
avg loss: 0.61340

Train Epoch: 6
task: dr_grade, loss: 0.72465, accuracy: 0.73706, kappa: 0.67211, f1: 0.46440
avg loss: 0.72465, lr: 0.000100

Test Epoch: 6
task: dr_grade, loss: 0.79258, accuracy: 0.72233, kappa: 0.63195, f1: 0.42076
avg loss: 0.79258

Train Epoch: 7
task: dr_grade, loss: 0.66023, accuracy: 0.76550, kappa: 0.72007, f1: 0.48082
avg loss: 0.66023, lr: 0.000100

Test Epoch: 7
task: dr_grade, loss: 0.61182, accuracy: 0.80024, kappa: 0.77725, f1: 0.55911
avg loss: 0.61182

Train Epoch: 8
task: dr_grade, loss: 0.60695, accuracy: 0.77939, kappa: 0.74594, f1: 0.54651
avg loss: 0.60695, lr: 0.000100

Test Epoch: 8
task: dr_grade, loss: 0.56827, accuracy: 0.79465, kappa: 0.80203, f1: 0.55336
avg loss: 0.56827

Train Epoch: 9
task: dr_grade, loss: 0.57240, accuracy: 0.78498, kappa: 0.76342, f1: 0.53936
avg loss: 0.57240, lr: 0.000100

Test Epoch: 9
task: dr_grade, loss: 0.61187, accuracy: 0.77667, kappa: 0.77802, f1: 0.58619
avg loss: 0.61187

Train Epoch: 10
task: dr_grade, loss: 0.56269, accuracy: 0.79856, kappa: 0.78245, f1: 0.58317
avg loss: 0.56269, lr: 0.000100

Test Epoch: 10
task: dr_grade, loss: 0.54079, accuracy: 0.81342, kappa: 0.81279, f1: 0.53135
avg loss: 0.54079

Train Epoch: 11
task: dr_grade, loss: 0.55547, accuracy: 0.79409, kappa: 0.77994, f1: 0.56440
avg loss: 0.55547, lr: 0.000100

Test Epoch: 11
task: dr_grade, loss: 0.71992, accuracy: 0.73672, kappa: 0.75040, f1: 0.49676
avg loss: 0.71992

Train Epoch: 12
task: dr_grade, loss: 0.54717, accuracy: 0.79904, kappa: 0.78145, f1: 0.56727
avg loss: 0.54717, lr: 0.000100

Test Epoch: 12
task: dr_grade, loss: 0.56080, accuracy: 0.79904, kappa: 0.80376, f1: 0.59871
avg loss: 0.56080

Train Epoch: 13
task: dr_grade, loss: 0.51051, accuracy: 0.81965, kappa: 0.80840, f1: 0.61007
avg loss: 0.51051, lr: 0.000100

Test Epoch: 13
task: dr_grade, loss: 0.57443, accuracy: 0.79425, kappa: 0.83191, f1: 0.58760
avg loss: 0.57443

Train Epoch: 14
task: dr_grade, loss: 0.50332, accuracy: 0.81230, kappa: 0.80111, f1: 0.59592
avg loss: 0.50332, lr: 0.000100

Test Epoch: 14
task: dr_grade, loss: 0.66070, accuracy: 0.74910, kappa: 0.79665, f1: 0.52608
avg loss: 0.66070

Train Epoch: 15
task: dr_grade, loss: 0.50678, accuracy: 0.81965, kappa: 0.80770, f1: 0.60934
avg loss: 0.50678, lr: 0.000100

Test Epoch: 15
task: dr_grade, loss: 0.47584, accuracy: 0.83700, kappa: 0.84883, f1: 0.61400
avg loss: 0.47584

Train Epoch: 16
task: dr_grade, loss: 0.49080, accuracy: 0.81917, kappa: 0.80629, f1: 0.62459
avg loss: 0.49080, lr: 0.000100

Test Epoch: 16
task: dr_grade, loss: 0.57347, accuracy: 0.80783, kappa: 0.82027, f1: 0.60638
avg loss: 0.57347

Train Epoch: 17
task: dr_grade, loss: 0.49482, accuracy: 0.81789, kappa: 0.81134, f1: 0.60515
avg loss: 0.49482, lr: 0.000099

Test Epoch: 17
task: dr_grade, loss: 0.60865, accuracy: 0.76988, kappa: 0.76945, f1: 0.51215
avg loss: 0.60865

Train Epoch: 18
task: dr_grade, loss: 0.47384, accuracy: 0.83035, kappa: 0.82227, f1: 0.63561
avg loss: 0.47384, lr: 0.000099

Test Epoch: 18
task: dr_grade, loss: 0.51558, accuracy: 0.82781, kappa: 0.81594, f1: 0.62991
avg loss: 0.51558

Train Epoch: 19
task: dr_grade, loss: 0.47294, accuracy: 0.82812, kappa: 0.81651, f1: 0.63941
avg loss: 0.47294, lr: 0.000099

Test Epoch: 19
task: dr_grade, loss: 0.69407, accuracy: 0.76348, kappa: 0.80419, f1: 0.56146
avg loss: 0.69407

Train Epoch: 20
task: dr_grade, loss: 0.44454, accuracy: 0.83387, kappa: 0.82821, f1: 0.63234
avg loss: 0.44454, lr: 0.000099

Test Epoch: 20
task: dr_grade, loss: 0.55493, accuracy: 0.80184, kappa: 0.84157, f1: 0.61567
avg loss: 0.55493

Train Epoch: 21
task: dr_grade, loss: 0.45792, accuracy: 0.83387, kappa: 0.82912, f1: 0.63726
avg loss: 0.45792, lr: 0.000099

Test Epoch: 21
task: dr_grade, loss: 0.47205, accuracy: 0.83859, kappa: 0.85289, f1: 0.65749
avg loss: 0.47205

Train Epoch: 22
task: dr_grade, loss: 0.42980, accuracy: 0.85048, kappa: 0.84912, f1: 0.68164
avg loss: 0.42980, lr: 0.000099

Test Epoch: 22
task: dr_grade, loss: 0.62286, accuracy: 0.76428, kappa: 0.80352, f1: 0.56393
avg loss: 0.62286

Train Epoch: 23
task: dr_grade, loss: 0.43968, accuracy: 0.84089, kappa: 0.83500, f1: 0.66701
avg loss: 0.43968, lr: 0.000099

Test Epoch: 23
task: dr_grade, loss: 0.51522, accuracy: 0.82621, kappa: 0.82470, f1: 0.57902
avg loss: 0.51522

Train Epoch: 24
task: dr_grade, loss: 0.42916, accuracy: 0.84920, kappa: 0.84112, f1: 0.68304
avg loss: 0.42916, lr: 0.000099

Test Epoch: 24
task: dr_grade, loss: 0.51540, accuracy: 0.81103, kappa: 0.83634, f1: 0.58206
avg loss: 0.51540

Train Epoch: 25
task: dr_grade, loss: 0.39995, accuracy: 0.85335, kappa: 0.85281, f1: 0.68765
avg loss: 0.39995, lr: 0.000098

Test Epoch: 25
task: dr_grade, loss: 0.52279, accuracy: 0.84259, kappa: 0.83289, f1: 0.62263
avg loss: 0.52279

Train Epoch: 26
task: dr_grade, loss: 0.40659, accuracy: 0.85160, kappa: 0.85199, f1: 0.69695
avg loss: 0.40659, lr: 0.000098

Test Epoch: 26
task: dr_grade, loss: 0.49585, accuracy: 0.82901, kappa: 0.84960, f1: 0.64178
avg loss: 0.49585

Train Epoch: 27
task: dr_grade, loss: 0.40917, accuracy: 0.85032, kappa: 0.84715, f1: 0.66404
avg loss: 0.40917, lr: 0.000098

Test Epoch: 27
task: dr_grade, loss: 0.51013, accuracy: 0.81302, kappa: 0.82534, f1: 0.59433
avg loss: 0.51013

Train Epoch: 28
task: dr_grade, loss: 0.39891, accuracy: 0.85687, kappa: 0.85838, f1: 0.68379
avg loss: 0.39891, lr: 0.000098

Test Epoch: 28
task: dr_grade, loss: 0.49131, accuracy: 0.83380, kappa: 0.82467, f1: 0.61052
avg loss: 0.49131

Train Epoch: 29
task: dr_grade, loss: 0.38500, accuracy: 0.86230, kappa: 0.86821, f1: 0.70966
avg loss: 0.38500, lr: 0.000098

Test Epoch: 29
task: dr_grade, loss: 0.50520, accuracy: 0.83020, kappa: 0.85704, f1: 0.60479
avg loss: 0.50520

Train Epoch: 30
task: dr_grade, loss: 0.38448, accuracy: 0.86134, kappa: 0.86581, f1: 0.69640
avg loss: 0.38448, lr: 0.000097

Test Epoch: 30
task: dr_grade, loss: 0.45107, accuracy: 0.84019, kappa: 0.85751, f1: 0.65582
avg loss: 0.45107

Train Epoch: 31
task: dr_grade, loss: 0.36616, accuracy: 0.86965, kappa: 0.87678, f1: 0.71001
avg loss: 0.36616, lr: 0.000097

Test Epoch: 31
task: dr_grade, loss: 0.55809, accuracy: 0.82261, kappa: 0.82077, f1: 0.62122
avg loss: 0.55809

Train Epoch: 32
task: dr_grade, loss: 0.37201, accuracy: 0.86741, kappa: 0.87649, f1: 0.70853
avg loss: 0.37201, lr: 0.000097

Test Epoch: 32
task: dr_grade, loss: 0.49598, accuracy: 0.81822, kappa: 0.83343, f1: 0.61035
avg loss: 0.49598

Train Epoch: 33
task: dr_grade, loss: 0.37092, accuracy: 0.86693, kappa: 0.86805, f1: 0.71430
avg loss: 0.37092, lr: 0.000097

Test Epoch: 33
task: dr_grade, loss: 0.62031, accuracy: 0.80264, kappa: 0.82006, f1: 0.61048
avg loss: 0.62031

Train Epoch: 34
task: dr_grade, loss: 0.37439, accuracy: 0.86837, kappa: 0.87248, f1: 0.73277
avg loss: 0.37439, lr: 0.000097

Test Epoch: 34
task: dr_grade, loss: 0.48426, accuracy: 0.82341, kappa: 0.84213, f1: 0.65850
avg loss: 0.48426

Train Epoch: 35
task: dr_grade, loss: 0.35695, accuracy: 0.87204, kappa: 0.87701, f1: 0.72136
avg loss: 0.35695, lr: 0.000096

Test Epoch: 35
task: dr_grade, loss: 0.48523, accuracy: 0.83740, kappa: 0.83448, f1: 0.65921
avg loss: 0.48523

Train Epoch: 36
task: dr_grade, loss: 0.34710, accuracy: 0.87556, kappa: 0.87837, f1: 0.72867
avg loss: 0.34710, lr: 0.000096

Test Epoch: 36
task: dr_grade, loss: 0.46964, accuracy: 0.84139, kappa: 0.85583, f1: 0.63829
avg loss: 0.46964

Train Epoch: 37
task: dr_grade, loss: 0.33971, accuracy: 0.87764, kappa: 0.88187, f1: 0.74365
avg loss: 0.33971, lr: 0.000096

Test Epoch: 37
task: dr_grade, loss: 0.51057, accuracy: 0.82421, kappa: 0.84768, f1: 0.62651
avg loss: 0.51057

Train Epoch: 38
task: dr_grade, loss: 0.32907, accuracy: 0.87716, kappa: 0.88560, f1: 0.74005
avg loss: 0.32907, lr: 0.000096

Test Epoch: 38
task: dr_grade, loss: 0.59235, accuracy: 0.79065, kappa: 0.83297, f1: 0.58193
avg loss: 0.59235

Train Epoch: 39
task: dr_grade, loss: 0.33237, accuracy: 0.88003, kappa: 0.88707, f1: 0.74458
avg loss: 0.33237, lr: 0.000095

Test Epoch: 39
task: dr_grade, loss: 0.53370, accuracy: 0.81183, kappa: 0.84572, f1: 0.62522
avg loss: 0.53370

Train Epoch: 40
task: dr_grade, loss: 0.33296, accuracy: 0.88051, kappa: 0.89086, f1: 0.73920
avg loss: 0.33296, lr: 0.000095

Test Epoch: 40
task: dr_grade, loss: 0.49201, accuracy: 0.82101, kappa: 0.86191, f1: 0.63534
avg loss: 0.49201

Train Epoch: 41
task: dr_grade, loss: 0.30977, accuracy: 0.88674, kappa: 0.89061, f1: 0.77415
avg loss: 0.30977, lr: 0.000095

Test Epoch: 41
task: dr_grade, loss: 0.50739, accuracy: 0.82701, kappa: 0.83924, f1: 0.61895
avg loss: 0.50739

Train Epoch: 42
task: dr_grade, loss: 0.31067, accuracy: 0.88610, kappa: 0.89754, f1: 0.75132
avg loss: 0.31067, lr: 0.000094

Test Epoch: 42
task: dr_grade, loss: 0.57347, accuracy: 0.80943, kappa: 0.85205, f1: 0.58953
avg loss: 0.57347

Train Epoch: 43
task: dr_grade, loss: 0.30547, accuracy: 0.89217, kappa: 0.90071, f1: 0.77888
avg loss: 0.30547, lr: 0.000094

Test Epoch: 43
task: dr_grade, loss: 0.66454, accuracy: 0.77787, kappa: 0.79376, f1: 0.57417
avg loss: 0.66454

Train Epoch: 44
task: dr_grade, loss: 0.30626, accuracy: 0.89105, kappa: 0.89920, f1: 0.78028
avg loss: 0.30626, lr: 0.000094

Test Epoch: 44
task: dr_grade, loss: 0.50188, accuracy: 0.81742, kappa: 0.85557, f1: 0.60658
avg loss: 0.50188

Train Epoch: 45
task: dr_grade, loss: 0.29878, accuracy: 0.89457, kappa: 0.89845, f1: 0.78626
avg loss: 0.29878, lr: 0.000094

Test Epoch: 45
task: dr_grade, loss: 0.52835, accuracy: 0.82341, kappa: 0.83980, f1: 0.63590
avg loss: 0.52835

Train Epoch: 46
task: dr_grade, loss: 0.29096, accuracy: 0.89361, kappa: 0.89970, f1: 0.77319
avg loss: 0.29096, lr: 0.000093

Test Epoch: 46
task: dr_grade, loss: 0.50697, accuracy: 0.82501, kappa: 0.85491, f1: 0.60807
avg loss: 0.50697

Train Epoch: 47
task: dr_grade, loss: 0.28337, accuracy: 0.90000, kappa: 0.91117, f1: 0.79843
avg loss: 0.28337, lr: 0.000093

Test Epoch: 47
task: dr_grade, loss: 0.64851, accuracy: 0.77867, kappa: 0.84323, f1: 0.56677
avg loss: 0.64851

Train Epoch: 48
task: dr_grade, loss: 0.30174, accuracy: 0.89026, kappa: 0.89384, f1: 0.76336
avg loss: 0.30174, lr: 0.000093

Test Epoch: 48
task: dr_grade, loss: 0.53444, accuracy: 0.82741, kappa: 0.84145, f1: 0.58100
avg loss: 0.53444

Train Epoch: 49
task: dr_grade, loss: 0.29017, accuracy: 0.89696, kappa: 0.90706, f1: 0.78353
avg loss: 0.29017, lr: 0.000092

Test Epoch: 49
task: dr_grade, loss: 0.69021, accuracy: 0.79225, kappa: 0.84212, f1: 0.55806
avg loss: 0.69021

Train Epoch: 50
task: dr_grade, loss: 0.27754, accuracy: 0.89968, kappa: 0.90307, f1: 0.78886
avg loss: 0.27754, lr: 0.000092

Test Epoch: 50
task: dr_grade, loss: 0.56125, accuracy: 0.83140, kappa: 0.83922, f1: 0.64631
avg loss: 0.56125

Train Epoch: 51
task: dr_grade, loss: 0.26838, accuracy: 0.90607, kappa: 0.91431, f1: 0.80149
avg loss: 0.26838, lr: 0.000092

Test Epoch: 51
task: dr_grade, loss: 0.49404, accuracy: 0.83779, kappa: 0.85868, f1: 0.65859
avg loss: 0.49404

Train Epoch: 52
task: dr_grade, loss: 0.25943, accuracy: 0.90304, kappa: 0.91321, f1: 0.79029
avg loss: 0.25943, lr: 0.000091

Test Epoch: 52
task: dr_grade, loss: 0.51335, accuracy: 0.83899, kappa: 0.86228, f1: 0.64018
avg loss: 0.51335

Train Epoch: 53
task: dr_grade, loss: 0.25733, accuracy: 0.90655, kappa: 0.91542, f1: 0.80711
avg loss: 0.25733, lr: 0.000091

Test Epoch: 53
task: dr_grade, loss: 0.57169, accuracy: 0.81462, kappa: 0.85520, f1: 0.60990
avg loss: 0.57169

Train Epoch: 54
task: dr_grade, loss: 0.25181, accuracy: 0.91038, kappa: 0.91529, f1: 0.81745
avg loss: 0.25181, lr: 0.000090

Test Epoch: 54
task: dr_grade, loss: 0.55852, accuracy: 0.80903, kappa: 0.86605, f1: 0.62128
avg loss: 0.55852

Train Epoch: 55
task: dr_grade, loss: 0.25883, accuracy: 0.90415, kappa: 0.91408, f1: 0.79235
avg loss: 0.25883, lr: 0.000090

Test Epoch: 55
task: dr_grade, loss: 0.44206, accuracy: 0.85098, kappa: 0.86834, f1: 0.65626
avg loss: 0.44206

Train Epoch: 56
task: dr_grade, loss: 0.23400, accuracy: 0.91246, kappa: 0.92223, f1: 0.80875
avg loss: 0.23400, lr: 0.000090

Test Epoch: 56
task: dr_grade, loss: 0.47801, accuracy: 0.84219, kappa: 0.88189, f1: 0.64994
avg loss: 0.47801

Train Epoch: 57
task: dr_grade, loss: 0.24190, accuracy: 0.91182, kappa: 0.91667, f1: 0.81936
avg loss: 0.24190, lr: 0.000089

Test Epoch: 57
task: dr_grade, loss: 0.55463, accuracy: 0.82741, kappa: 0.83502, f1: 0.62156
avg loss: 0.55463

Train Epoch: 58
task: dr_grade, loss: 0.24034, accuracy: 0.90927, kappa: 0.91830, f1: 0.80829
avg loss: 0.24034, lr: 0.000089

Test Epoch: 58
task: dr_grade, loss: 0.53100, accuracy: 0.84299, kappa: 0.85785, f1: 0.60595
avg loss: 0.53100

Train Epoch: 59
task: dr_grade, loss: 0.23784, accuracy: 0.91182, kappa: 0.91852, f1: 0.81600
avg loss: 0.23784, lr: 0.000088

Test Epoch: 59
task: dr_grade, loss: 0.60921, accuracy: 0.79225, kappa: 0.84415, f1: 0.59895
avg loss: 0.60921

Train Epoch: 60
task: dr_grade, loss: 0.24504, accuracy: 0.91054, kappa: 0.91751, f1: 0.81956
avg loss: 0.24504, lr: 0.000088

Test Epoch: 60
task: dr_grade, loss: 0.53268, accuracy: 0.82781, kappa: 0.83982, f1: 0.60652
avg loss: 0.53268

Train Epoch: 61
task: dr_grade, loss: 0.24865, accuracy: 0.91502, kappa: 0.91792, f1: 0.82190
avg loss: 0.24865, lr: 0.000088

Test Epoch: 61
task: dr_grade, loss: 0.51811, accuracy: 0.83740, kappa: 0.86068, f1: 0.62489
avg loss: 0.51811

Train Epoch: 62
task: dr_grade, loss: 0.22293, accuracy: 0.91917, kappa: 0.92757, f1: 0.83615
avg loss: 0.22293, lr: 0.000087

Test Epoch: 62
task: dr_grade, loss: 0.66100, accuracy: 0.79265, kappa: 0.85586, f1: 0.60119
avg loss: 0.66100

Train Epoch: 63
task: dr_grade, loss: 0.21358, accuracy: 0.91981, kappa: 0.93085, f1: 0.82885
avg loss: 0.21358, lr: 0.000087

Test Epoch: 63
task: dr_grade, loss: 0.63639, accuracy: 0.81622, kappa: 0.85015, f1: 0.60491
avg loss: 0.63639

Train Epoch: 64
task: dr_grade, loss: 0.21544, accuracy: 0.92380, kappa: 0.92727, f1: 0.85015
avg loss: 0.21544, lr: 0.000086

Test Epoch: 64
task: dr_grade, loss: 0.48965, accuracy: 0.85537, kappa: 0.86402, f1: 0.67311
avg loss: 0.48965

Train Epoch: 65
task: dr_grade, loss: 0.21014, accuracy: 0.92428, kappa: 0.93428, f1: 0.84327
avg loss: 0.21014, lr: 0.000086

Test Epoch: 65
task: dr_grade, loss: 0.54817, accuracy: 0.83540, kappa: 0.86100, f1: 0.65138
avg loss: 0.54817

Train Epoch: 66
task: dr_grade, loss: 0.20556, accuracy: 0.92348, kappa: 0.93259, f1: 0.83981
avg loss: 0.20556, lr: 0.000085

Test Epoch: 66
task: dr_grade, loss: 0.53065, accuracy: 0.84579, kappa: 0.88237, f1: 0.65598
avg loss: 0.53065

Train Epoch: 67
task: dr_grade, loss: 0.19247, accuracy: 0.93067, kappa: 0.94028, f1: 0.85908
avg loss: 0.19247, lr: 0.000085

Test Epoch: 67
task: dr_grade, loss: 0.60416, accuracy: 0.82101, kappa: 0.86051, f1: 0.62725
avg loss: 0.60416

Train Epoch: 68
task: dr_grade, loss: 0.20228, accuracy: 0.92716, kappa: 0.92734, f1: 0.85366
avg loss: 0.20228, lr: 0.000085

Test Epoch: 68
task: dr_grade, loss: 0.63932, accuracy: 0.82581, kappa: 0.85481, f1: 0.61872
avg loss: 0.63932

Train Epoch: 69
task: dr_grade, loss: 0.19103, accuracy: 0.93083, kappa: 0.93349, f1: 0.85478
avg loss: 0.19103, lr: 0.000084

Test Epoch: 69
task: dr_grade, loss: 0.52975, accuracy: 0.83180, kappa: 0.86114, f1: 0.62768
avg loss: 0.52975

Train Epoch: 70
task: dr_grade, loss: 0.19282, accuracy: 0.92827, kappa: 0.93577, f1: 0.85101
avg loss: 0.19282, lr: 0.000084

Test Epoch: 70
task: dr_grade, loss: 0.67218, accuracy: 0.79904, kappa: 0.85154, f1: 0.60622
avg loss: 0.67218

Train Epoch: 71
task: dr_grade, loss: 0.19695, accuracy: 0.93035, kappa: 0.93625, f1: 0.85888
avg loss: 0.19695, lr: 0.000083

Test Epoch: 71
task: dr_grade, loss: 0.60572, accuracy: 0.82541, kappa: 0.85969, f1: 0.62663
avg loss: 0.60572

Train Epoch: 72
task: dr_grade, loss: 0.19191, accuracy: 0.92859, kappa: 0.93475, f1: 0.86077
avg loss: 0.19191, lr: 0.000083

Test Epoch: 72
task: dr_grade, loss: 0.59517, accuracy: 0.82421, kappa: 0.85207, f1: 0.62614
avg loss: 0.59517

Train Epoch: 73
task: dr_grade, loss: 0.17787, accuracy: 0.93594, kappa: 0.93955, f1: 0.86797
avg loss: 0.17787, lr: 0.000082

Test Epoch: 73
task: dr_grade, loss: 0.62654, accuracy: 0.82541, kappa: 0.84105, f1: 0.65281
avg loss: 0.62654

Train Epoch: 74
task: dr_grade, loss: 0.17213, accuracy: 0.93802, kappa: 0.94341, f1: 0.87107
avg loss: 0.17213, lr: 0.000082

Test Epoch: 74
task: dr_grade, loss: 0.63044, accuracy: 0.81223, kappa: 0.86005, f1: 0.62844
avg loss: 0.63044

Train Epoch: 75
task: dr_grade, loss: 0.18292, accuracy: 0.93578, kappa: 0.94104, f1: 0.87546
avg loss: 0.18292, lr: 0.000081

Test Epoch: 75
task: dr_grade, loss: 0.56778, accuracy: 0.82221, kappa: 0.84762, f1: 0.64045
avg loss: 0.56778

Train Epoch: 76
task: dr_grade, loss: 0.16757, accuracy: 0.94042, kappa: 0.94408, f1: 0.88281
avg loss: 0.16757, lr: 0.000081

Test Epoch: 76
task: dr_grade, loss: 0.55856, accuracy: 0.83899, kappa: 0.87374, f1: 0.64509
avg loss: 0.55856

Train Epoch: 77
task: dr_grade, loss: 0.16988, accuracy: 0.93930, kappa: 0.94142, f1: 0.87916
avg loss: 0.16988, lr: 0.000080

Test Epoch: 77
task: dr_grade, loss: 0.56960, accuracy: 0.83500, kappa: 0.84838, f1: 0.61547
avg loss: 0.56960

Train Epoch: 78
task: dr_grade, loss: 0.16349, accuracy: 0.94217, kappa: 0.94771, f1: 0.88644
avg loss: 0.16349, lr: 0.000080

Test Epoch: 78
task: dr_grade, loss: 0.69793, accuracy: 0.82341, kappa: 0.85365, f1: 0.61858
avg loss: 0.69793

Train Epoch: 79
task: dr_grade, loss: 0.16434, accuracy: 0.94345, kappa: 0.94824, f1: 0.88918
avg loss: 0.16434, lr: 0.000079

Test Epoch: 79
task: dr_grade, loss: 0.53216, accuracy: 0.84658, kappa: 0.86360, f1: 0.64332
avg loss: 0.53216

Train Epoch: 80
task: dr_grade, loss: 0.17121, accuracy: 0.93594, kappa: 0.93669, f1: 0.89144
avg loss: 0.17121, lr: 0.000079

Test Epoch: 80
task: dr_grade, loss: 0.56150, accuracy: 0.84658, kappa: 0.85671, f1: 0.66023
avg loss: 0.56150

Train Epoch: 81
task: dr_grade, loss: 0.16025, accuracy: 0.94185, kappa: 0.94656, f1: 0.88396
avg loss: 0.16025, lr: 0.000078

Test Epoch: 81
task: dr_grade, loss: 0.60526, accuracy: 0.84499, kappa: 0.86996, f1: 0.62392
avg loss: 0.60526

Train Epoch: 82
task: dr_grade, loss: 0.16644, accuracy: 0.93850, kappa: 0.94031, f1: 0.87843
avg loss: 0.16644, lr: 0.000078

Test Epoch: 82
task: dr_grade, loss: 0.55890, accuracy: 0.83140, kappa: 0.85962, f1: 0.61980
avg loss: 0.55890

Train Epoch: 83
task: dr_grade, loss: 0.14732, accuracy: 0.94904, kappa: 0.95517, f1: 0.90251
avg loss: 0.14732, lr: 0.000077

Test Epoch: 83
task: dr_grade, loss: 0.63456, accuracy: 0.82821, kappa: 0.85593, f1: 0.60403
avg loss: 0.63456

Train Epoch: 84
task: dr_grade, loss: 0.13621, accuracy: 0.95048, kappa: 0.95765, f1: 0.88830
avg loss: 0.13621, lr: 0.000076

Test Epoch: 84
task: dr_grade, loss: 0.72880, accuracy: 0.81622, kappa: 0.85341, f1: 0.59996
avg loss: 0.72880

Train Epoch: 85
task: dr_grade, loss: 0.14712, accuracy: 0.94617, kappa: 0.94759, f1: 0.88431
avg loss: 0.14712, lr: 0.000076

Test Epoch: 85
task: dr_grade, loss: 0.66062, accuracy: 0.81902, kappa: 0.86551, f1: 0.61858
avg loss: 0.66062

Train Epoch: 86
task: dr_grade, loss: 0.15150, accuracy: 0.94601, kappa: 0.94798, f1: 0.89816
avg loss: 0.15150, lr: 0.000075

Test Epoch: 86
task: dr_grade, loss: 0.61013, accuracy: 0.83420, kappa: 0.84530, f1: 0.64938
avg loss: 0.61013

Train Epoch: 87
task: dr_grade, loss: 0.15100, accuracy: 0.94521, kappa: 0.94726, f1: 0.88987
avg loss: 0.15100, lr: 0.000075

Test Epoch: 87
task: dr_grade, loss: 0.63220, accuracy: 0.83939, kappa: 0.85013, f1: 0.66742
avg loss: 0.63220

Train Epoch: 88
task: dr_grade, loss: 0.15679, accuracy: 0.94489, kappa: 0.94837, f1: 0.89892
avg loss: 0.15679, lr: 0.000074

Test Epoch: 88
task: dr_grade, loss: 0.58422, accuracy: 0.83380, kappa: 0.86561, f1: 0.64738
avg loss: 0.58422

Train Epoch: 89
task: dr_grade, loss: 0.14590, accuracy: 0.94888, kappa: 0.95064, f1: 0.89883
avg loss: 0.14590, lr: 0.000074

Test Epoch: 89
task: dr_grade, loss: 0.79523, accuracy: 0.78586, kappa: 0.86486, f1: 0.60454
avg loss: 0.79523

Train Epoch: 90
task: dr_grade, loss: 0.13755, accuracy: 0.95160, kappa: 0.95399, f1: 0.90079
avg loss: 0.13755, lr: 0.000073

Test Epoch: 90
task: dr_grade, loss: 0.63225, accuracy: 0.82701, kappa: 0.84846, f1: 0.63383
avg loss: 0.63225

Train Epoch: 91
task: dr_grade, loss: 0.13234, accuracy: 0.95479, kappa: 0.95580, f1: 0.91421
avg loss: 0.13234, lr: 0.000073

Test Epoch: 91
task: dr_grade, loss: 0.71655, accuracy: 0.82421, kappa: 0.84267, f1: 0.60382
avg loss: 0.71655

Train Epoch: 92
task: dr_grade, loss: 0.12718, accuracy: 0.95064, kappa: 0.95136, f1: 0.90611
avg loss: 0.12718, lr: 0.000072

Test Epoch: 92
task: dr_grade, loss: 0.57258, accuracy: 0.85457, kappa: 0.87719, f1: 0.65883
avg loss: 0.57258

Train Epoch: 93
task: dr_grade, loss: 0.13084, accuracy: 0.95543, kappa: 0.95955, f1: 0.91125
avg loss: 0.13084, lr: 0.000071

Test Epoch: 93
task: dr_grade, loss: 0.67610, accuracy: 0.82301, kappa: 0.84752, f1: 0.63605
avg loss: 0.67610

Train Epoch: 94
task: dr_grade, loss: 0.12958, accuracy: 0.95160, kappa: 0.95518, f1: 0.90758
avg loss: 0.12958, lr: 0.000071

Test Epoch: 94
task: dr_grade, loss: 0.61660, accuracy: 0.82741, kappa: 0.85797, f1: 0.62938
avg loss: 0.61660

Train Epoch: 95
task: dr_grade, loss: 0.11500, accuracy: 0.95990, kappa: 0.96219, f1: 0.92667
avg loss: 0.11500, lr: 0.000070

Test Epoch: 95
task: dr_grade, loss: 0.69998, accuracy: 0.82221, kappa: 0.86811, f1: 0.61099
avg loss: 0.69998

Train Epoch: 96
task: dr_grade, loss: 0.11120, accuracy: 0.96086, kappa: 0.96449, f1: 0.91676
avg loss: 0.11120, lr: 0.000070

Test Epoch: 96
task: dr_grade, loss: 0.62523, accuracy: 0.83819, kappa: 0.87446, f1: 0.64361
avg loss: 0.62523

Train Epoch: 97
task: dr_grade, loss: 0.10998, accuracy: 0.96070, kappa: 0.96400, f1: 0.91853
avg loss: 0.10998, lr: 0.000069

Test Epoch: 97
task: dr_grade, loss: 0.66995, accuracy: 0.83420, kappa: 0.87088, f1: 0.63758
avg loss: 0.66995

Train Epoch: 98
task: dr_grade, loss: 0.12514, accuracy: 0.95591, kappa: 0.95826, f1: 0.91011
avg loss: 0.12514, lr: 0.000068

Test Epoch: 98
task: dr_grade, loss: 0.70392, accuracy: 0.79864, kappa: 0.85689, f1: 0.62333
avg loss: 0.70392

Train Epoch: 99
task: dr_grade, loss: 0.11014, accuracy: 0.95831, kappa: 0.96341, f1: 0.91726
avg loss: 0.11014, lr: 0.000068

Test Epoch: 99
task: dr_grade, loss: 0.62218, accuracy: 0.84539, kappa: 0.86341, f1: 0.61367
avg loss: 0.62218

Train Epoch: 100
task: dr_grade, loss: 0.11737, accuracy: 0.95990, kappa: 0.96235, f1: 0.92474
avg loss: 0.11737, lr: 0.000067

Test Epoch: 100
task: dr_grade, loss: 0.77339, accuracy: 0.80344, kappa: 0.85125, f1: 0.60560
avg loss: 0.77339

Train Epoch: 101
task: dr_grade, loss: 0.12148, accuracy: 0.95767, kappa: 0.95881, f1: 0.91449
avg loss: 0.12148, lr: 0.000067

Test Epoch: 101
task: dr_grade, loss: 0.59097, accuracy: 0.84459, kappa: 0.86816, f1: 0.63582
avg loss: 0.59097

Train Epoch: 102
task: dr_grade, loss: 0.11878, accuracy: 0.95655, kappa: 0.95734, f1: 0.91503
avg loss: 0.11878, lr: 0.000066

Test Epoch: 102
task: dr_grade, loss: 0.65813, accuracy: 0.83420, kappa: 0.86007, f1: 0.64491
avg loss: 0.65813

Train Epoch: 103
task: dr_grade, loss: 0.09939, accuracy: 0.96502, kappa: 0.96433, f1: 0.93402
avg loss: 0.09939, lr: 0.000065

Test Epoch: 103
task: dr_grade, loss: 0.74448, accuracy: 0.80024, kappa: 0.84979, f1: 0.56906
avg loss: 0.74448

Train Epoch: 104
task: dr_grade, loss: 0.10005, accuracy: 0.96422, kappa: 0.96261, f1: 0.93083
avg loss: 0.10005, lr: 0.000065

Test Epoch: 104
task: dr_grade, loss: 0.74116, accuracy: 0.83700, kappa: 0.86217, f1: 0.64541
avg loss: 0.74116

Train Epoch: 105
task: dr_grade, loss: 0.09127, accuracy: 0.96901, kappa: 0.96805, f1: 0.94724
avg loss: 0.09127, lr: 0.000064

Test Epoch: 105
task: dr_grade, loss: 0.76465, accuracy: 0.82541, kappa: 0.88421, f1: 0.62886
avg loss: 0.76465

Train Epoch: 106
task: dr_grade, loss: 0.10679, accuracy: 0.96358, kappa: 0.96531, f1: 0.92924
avg loss: 0.10679, lr: 0.000064

Test Epoch: 106
task: dr_grade, loss: 0.75034, accuracy: 0.81582, kappa: 0.85258, f1: 0.59686
avg loss: 0.75034

Train Epoch: 107
task: dr_grade, loss: 0.09220, accuracy: 0.96661, kappa: 0.96955, f1: 0.93447
avg loss: 0.09220, lr: 0.000063

Test Epoch: 107
task: dr_grade, loss: 0.79468, accuracy: 0.80543, kappa: 0.86995, f1: 0.59055
avg loss: 0.79468

Train Epoch: 108
task: dr_grade, loss: 0.10450, accuracy: 0.96406, kappa: 0.96548, f1: 0.93846
avg loss: 0.10450, lr: 0.000062

Test Epoch: 108
task: dr_grade, loss: 0.67861, accuracy: 0.83620, kappa: 0.84942, f1: 0.64627
avg loss: 0.67861

Train Epoch: 109
task: dr_grade, loss: 0.09490, accuracy: 0.96693, kappa: 0.96458, f1: 0.94053
avg loss: 0.09490, lr: 0.000062

Test Epoch: 109
task: dr_grade, loss: 0.65884, accuracy: 0.83020, kappa: 0.85627, f1: 0.62425
avg loss: 0.65884

Train Epoch: 110
task: dr_grade, loss: 0.09385, accuracy: 0.96789, kappa: 0.96761, f1: 0.94552
avg loss: 0.09385, lr: 0.000061

Test Epoch: 110
task: dr_grade, loss: 0.89458, accuracy: 0.78985, kappa: 0.85784, f1: 0.60460
avg loss: 0.89458

Train Epoch: 111
task: dr_grade, loss: 0.10332, accuracy: 0.96294, kappa: 0.96605, f1: 0.92411
avg loss: 0.10332, lr: 0.000061

Test Epoch: 111
task: dr_grade, loss: 0.69791, accuracy: 0.82501, kappa: 0.86131, f1: 0.62452
avg loss: 0.69791

Train Epoch: 112
task: dr_grade, loss: 0.09113, accuracy: 0.96597, kappa: 0.96724, f1: 0.93467
avg loss: 0.09113, lr: 0.000060

Test Epoch: 112
task: dr_grade, loss: 0.63646, accuracy: 0.84698, kappa: 0.87339, f1: 0.63644
avg loss: 0.63646

Train Epoch: 113
task: dr_grade, loss: 0.09188, accuracy: 0.96805, kappa: 0.96850, f1: 0.94010
avg loss: 0.09188, lr: 0.000059

Test Epoch: 113
task: dr_grade, loss: 0.61831, accuracy: 0.83779, kappa: 0.87619, f1: 0.64969
avg loss: 0.61831

Train Epoch: 114
task: dr_grade, loss: 0.08093, accuracy: 0.97045, kappa: 0.97383, f1: 0.94287
avg loss: 0.08093, lr: 0.000059

Test Epoch: 114
task: dr_grade, loss: 0.70998, accuracy: 0.83859, kappa: 0.87826, f1: 0.65102
avg loss: 0.70998

Train Epoch: 115
task: dr_grade, loss: 0.08842, accuracy: 0.96853, kappa: 0.97261, f1: 0.93271
avg loss: 0.08842, lr: 0.000058

Test Epoch: 115
task: dr_grade, loss: 0.68377, accuracy: 0.84579, kappa: 0.86882, f1: 0.62024
avg loss: 0.68377

Train Epoch: 116
task: dr_grade, loss: 0.08787, accuracy: 0.97188, kappa: 0.97112, f1: 0.94403
avg loss: 0.08787, lr: 0.000057

Test Epoch: 116
task: dr_grade, loss: 0.67836, accuracy: 0.83939, kappa: 0.87049, f1: 0.62399
avg loss: 0.67836

Train Epoch: 117
task: dr_grade, loss: 0.08188, accuracy: 0.97476, kappa: 0.97814, f1: 0.95371
avg loss: 0.08188, lr: 0.000057

Test Epoch: 117
task: dr_grade, loss: 0.68445, accuracy: 0.83779, kappa: 0.87709, f1: 0.60621
avg loss: 0.68445

Train Epoch: 118
task: dr_grade, loss: 0.07966, accuracy: 0.97316, kappa: 0.97476, f1: 0.94865
avg loss: 0.07966, lr: 0.000056

Test Epoch: 118
task: dr_grade, loss: 0.64920, accuracy: 0.83340, kappa: 0.87494, f1: 0.61680
avg loss: 0.64920

Train Epoch: 119
task: dr_grade, loss: 0.08001, accuracy: 0.97093, kappa: 0.97087, f1: 0.94784
avg loss: 0.08001, lr: 0.000055

Test Epoch: 119
task: dr_grade, loss: 0.58655, accuracy: 0.85218, kappa: 0.87862, f1: 0.64804
avg loss: 0.58655

Train Epoch: 120
task: dr_grade, loss: 0.07587, accuracy: 0.97460, kappa: 0.97748, f1: 0.94979
avg loss: 0.07587, lr: 0.000055

Test Epoch: 120
task: dr_grade, loss: 0.64219, accuracy: 0.85058, kappa: 0.87820, f1: 0.64253
avg loss: 0.64219

Train Epoch: 121
task: dr_grade, loss: 0.07102, accuracy: 0.97652, kappa: 0.97778, f1: 0.95693
avg loss: 0.07102, lr: 0.000054

Test Epoch: 121
task: dr_grade, loss: 0.74039, accuracy: 0.84419, kappa: 0.87591, f1: 0.62681
avg loss: 0.74039

Train Epoch: 122
task: dr_grade, loss: 0.07877, accuracy: 0.96981, kappa: 0.97293, f1: 0.93648
avg loss: 0.07877, lr: 0.000054

Test Epoch: 122
task: dr_grade, loss: 0.78028, accuracy: 0.82541, kappa: 0.86777, f1: 0.63645
avg loss: 0.78028

Train Epoch: 123
task: dr_grade, loss: 0.07494, accuracy: 0.97396, kappa: 0.97520, f1: 0.94576
avg loss: 0.07494, lr: 0.000053

Test Epoch: 123
task: dr_grade, loss: 0.77743, accuracy: 0.83819, kappa: 0.86030, f1: 0.64489
avg loss: 0.77743

Train Epoch: 124
task: dr_grade, loss: 0.08538, accuracy: 0.96981, kappa: 0.97231, f1: 0.94447
avg loss: 0.08538, lr: 0.000052

Test Epoch: 124
task: dr_grade, loss: 0.68285, accuracy: 0.83020, kappa: 0.87880, f1: 0.62255
avg loss: 0.68285

Train Epoch: 125
task: dr_grade, loss: 0.07210, accuracy: 0.97652, kappa: 0.97642, f1: 0.96046
avg loss: 0.07210, lr: 0.000052

Test Epoch: 125
task: dr_grade, loss: 0.66157, accuracy: 0.84738, kappa: 0.86799, f1: 0.63630
avg loss: 0.66157

Train Epoch: 126
task: dr_grade, loss: 0.06794, accuracy: 0.97652, kappa: 0.97843, f1: 0.95819
avg loss: 0.06794, lr: 0.000051

Test Epoch: 126
task: dr_grade, loss: 0.68978, accuracy: 0.83939, kappa: 0.86677, f1: 0.65284
avg loss: 0.68978

Train Epoch: 127
task: dr_grade, loss: 0.06918, accuracy: 0.97700, kappa: 0.97751, f1: 0.96321
avg loss: 0.06918, lr: 0.000050

Test Epoch: 127
task: dr_grade, loss: 0.91518, accuracy: 0.79824, kappa: 0.86200, f1: 0.59220
avg loss: 0.91518

Train Epoch: 128
task: dr_grade, loss: 0.07378, accuracy: 0.97396, kappa: 0.97502, f1: 0.95079
avg loss: 0.07378, lr: 0.000050

Test Epoch: 128
task: dr_grade, loss: 0.66517, accuracy: 0.84339, kappa: 0.87466, f1: 0.64472
avg loss: 0.66517

Train Epoch: 129
task: dr_grade, loss: 0.06658, accuracy: 0.97732, kappa: 0.97815, f1: 0.95911
avg loss: 0.06658, lr: 0.000049

Test Epoch: 129
task: dr_grade, loss: 0.75160, accuracy: 0.83700, kappa: 0.85495, f1: 0.65092
avg loss: 0.75160

Train Epoch: 130
task: dr_grade, loss: 0.05520, accuracy: 0.98099, kappa: 0.98196, f1: 0.96968
avg loss: 0.05520, lr: 0.000048

Test Epoch: 130
task: dr_grade, loss: 0.77781, accuracy: 0.82741, kappa: 0.85401, f1: 0.61943
avg loss: 0.77781

Train Epoch: 131
task: dr_grade, loss: 0.07238, accuracy: 0.97604, kappa: 0.97729, f1: 0.95471
avg loss: 0.07238, lr: 0.000048

Test Epoch: 131
task: dr_grade, loss: 0.82619, accuracy: 0.80224, kappa: 0.85596, f1: 0.60036
avg loss: 0.82619

Train Epoch: 132
task: dr_grade, loss: 0.05798, accuracy: 0.98099, kappa: 0.98394, f1: 0.96591
avg loss: 0.05798, lr: 0.000047

Test Epoch: 132
task: dr_grade, loss: 0.94904, accuracy: 0.81223, kappa: 0.84488, f1: 0.57229
avg loss: 0.94904

Train Epoch: 133
task: dr_grade, loss: 0.06421, accuracy: 0.97588, kappa: 0.97526, f1: 0.96453
avg loss: 0.06421, lr: 0.000047

Test Epoch: 133
task: dr_grade, loss: 0.90971, accuracy: 0.80943, kappa: 0.86604, f1: 0.60503
avg loss: 0.90971

Train Epoch: 134
task: dr_grade, loss: 0.07709, accuracy: 0.97220, kappa: 0.96915, f1: 0.95827
avg loss: 0.07709, lr: 0.000046

Test Epoch: 134
task: dr_grade, loss: 0.83012, accuracy: 0.81782, kappa: 0.86422, f1: 0.62291
avg loss: 0.83012

Train Epoch: 135
task: dr_grade, loss: 0.05854, accuracy: 0.98067, kappa: 0.98018, f1: 0.96598
avg loss: 0.05854, lr: 0.000045

Test Epoch: 135
task: dr_grade, loss: 0.86049, accuracy: 0.82141, kappa: 0.86445, f1: 0.61000
avg loss: 0.86049

Train Epoch: 136
task: dr_grade, loss: 0.05118, accuracy: 0.98291, kappa: 0.98438, f1: 0.96838
avg loss: 0.05118, lr: 0.000045

Test Epoch: 136
task: dr_grade, loss: 0.66820, accuracy: 0.85098, kappa: 0.88290, f1: 0.63963
avg loss: 0.66820

Train Epoch: 137
task: dr_grade, loss: 0.05368, accuracy: 0.98003, kappa: 0.98046, f1: 0.96410
avg loss: 0.05368, lr: 0.000044

Test Epoch: 137
task: dr_grade, loss: 0.83329, accuracy: 0.83060, kappa: 0.86390, f1: 0.61757
avg loss: 0.83329

Train Epoch: 138
task: dr_grade, loss: 0.05621, accuracy: 0.97907, kappa: 0.98120, f1: 0.96449
avg loss: 0.05621, lr: 0.000043

Test Epoch: 138
task: dr_grade, loss: 0.79810, accuracy: 0.82861, kappa: 0.86473, f1: 0.62694
avg loss: 0.79810

Train Epoch: 139
task: dr_grade, loss: 0.06081, accuracy: 0.97971, kappa: 0.98098, f1: 0.95856
avg loss: 0.06081, lr: 0.000043

Test Epoch: 139
task: dr_grade, loss: 0.81757, accuracy: 0.82901, kappa: 0.87215, f1: 0.61642
avg loss: 0.81757

Train Epoch: 140
task: dr_grade, loss: 0.04641, accuracy: 0.98403, kappa: 0.98495, f1: 0.96545
avg loss: 0.04641, lr: 0.000042

Test Epoch: 140
task: dr_grade, loss: 0.89703, accuracy: 0.80623, kappa: 0.85672, f1: 0.58945
avg loss: 0.89703

Train Epoch: 141
task: dr_grade, loss: 0.04713, accuracy: 0.98355, kappa: 0.98313, f1: 0.97236
avg loss: 0.04713, lr: 0.000041

Test Epoch: 141
task: dr_grade, loss: 0.85320, accuracy: 0.83939, kappa: 0.86701, f1: 0.61780
avg loss: 0.85320

Train Epoch: 142
task: dr_grade, loss: 0.04978, accuracy: 0.98403, kappa: 0.98387, f1: 0.97513
avg loss: 0.04978, lr: 0.000041

Test Epoch: 142
task: dr_grade, loss: 0.91316, accuracy: 0.81782, kappa: 0.86028, f1: 0.61575
avg loss: 0.91316

Train Epoch: 143
task: dr_grade, loss: 0.06999, accuracy: 0.97668, kappa: 0.97781, f1: 0.95847
avg loss: 0.06999, lr: 0.000040

Test Epoch: 143
task: dr_grade, loss: 0.77175, accuracy: 0.82701, kappa: 0.87092, f1: 0.62957
avg loss: 0.77175

Train Epoch: 144
task: dr_grade, loss: 0.05270, accuracy: 0.98195, kappa: 0.98018, f1: 0.97193
avg loss: 0.05270, lr: 0.000040

Test Epoch: 144
task: dr_grade, loss: 0.79577, accuracy: 0.83580, kappa: 0.85838, f1: 0.61480
avg loss: 0.79577

Train Epoch: 145
task: dr_grade, loss: 0.04950, accuracy: 0.98291, kappa: 0.98151, f1: 0.96952
avg loss: 0.04950, lr: 0.000039

Test Epoch: 145
task: dr_grade, loss: 0.75163, accuracy: 0.84579, kappa: 0.87178, f1: 0.63355
avg loss: 0.75163

Train Epoch: 146
task: dr_grade, loss: 0.04742, accuracy: 0.98339, kappa: 0.98384, f1: 0.97084
avg loss: 0.04742, lr: 0.000038

Test Epoch: 146
task: dr_grade, loss: 0.81914, accuracy: 0.82301, kappa: 0.86354, f1: 0.60794
avg loss: 0.81914

Train Epoch: 147
task: dr_grade, loss: 0.04912, accuracy: 0.98163, kappa: 0.98126, f1: 0.96938
avg loss: 0.04912, lr: 0.000038

Test Epoch: 147
task: dr_grade, loss: 0.84666, accuracy: 0.83300, kappa: 0.86741, f1: 0.62596
avg loss: 0.84666

Train Epoch: 148
task: dr_grade, loss: 0.04112, accuracy: 0.98562, kappa: 0.98587, f1: 0.97131
avg loss: 0.04112, lr: 0.000037

Test Epoch: 148
task: dr_grade, loss: 0.78340, accuracy: 0.82781, kappa: 0.87216, f1: 0.62444
avg loss: 0.78340

Train Epoch: 149
task: dr_grade, loss: 0.04188, accuracy: 0.98626, kappa: 0.98499, f1: 0.97935
avg loss: 0.04188, lr: 0.000036

Test Epoch: 149
task: dr_grade, loss: 0.79496, accuracy: 0.82980, kappa: 0.86459, f1: 0.61950
avg loss: 0.79496

Train Epoch: 150
task: dr_grade, loss: 0.04218, accuracy: 0.98562, kappa: 0.98495, f1: 0.97588
avg loss: 0.04218, lr: 0.000036

Test Epoch: 150
task: dr_grade, loss: 0.85454, accuracy: 0.82821, kappa: 0.86028, f1: 0.62813
avg loss: 0.85454

Train Epoch: 151
task: dr_grade, loss: 0.04213, accuracy: 0.98562, kappa: 0.98554, f1: 0.97491
avg loss: 0.04213, lr: 0.000035

Test Epoch: 151
task: dr_grade, loss: 0.90656, accuracy: 0.81342, kappa: 0.86595, f1: 0.62261
avg loss: 0.90656

Train Epoch: 152
task: dr_grade, loss: 0.05404, accuracy: 0.98323, kappa: 0.98386, f1: 0.96862
avg loss: 0.05404, lr: 0.000035

Test Epoch: 152
task: dr_grade, loss: 0.79691, accuracy: 0.83700, kappa: 0.86166, f1: 0.61962
avg loss: 0.79691

Train Epoch: 153
task: dr_grade, loss: 0.03671, accuracy: 0.98754, kappa: 0.98860, f1: 0.97538
avg loss: 0.03671, lr: 0.000034

Test Epoch: 153
task: dr_grade, loss: 0.72813, accuracy: 0.85697, kappa: 0.87922, f1: 0.64843
avg loss: 0.72813

Train Epoch: 154
task: dr_grade, loss: 0.03581, accuracy: 0.98690, kappa: 0.98716, f1: 0.97647
avg loss: 0.03581, lr: 0.000033

Test Epoch: 154
task: dr_grade, loss: 0.85086, accuracy: 0.84259, kappa: 0.87200, f1: 0.64431
avg loss: 0.85086

Train Epoch: 155
task: dr_grade, loss: 0.03852, accuracy: 0.98754, kappa: 0.98951, f1: 0.97373
avg loss: 0.03852, lr: 0.000033

Test Epoch: 155
task: dr_grade, loss: 0.82833, accuracy: 0.83020, kappa: 0.86206, f1: 0.62609
avg loss: 0.82833

Train Epoch: 156
task: dr_grade, loss: 0.03557, accuracy: 0.98802, kappa: 0.98767, f1: 0.98031
avg loss: 0.03557, lr: 0.000032

Test Epoch: 156
task: dr_grade, loss: 0.89174, accuracy: 0.81742, kappa: 0.86398, f1: 0.60459
avg loss: 0.89174

Train Epoch: 157
task: dr_grade, loss: 0.04672, accuracy: 0.98466, kappa: 0.98341, f1: 0.97943
avg loss: 0.04672, lr: 0.000032

Test Epoch: 157
task: dr_grade, loss: 0.79372, accuracy: 0.83859, kappa: 0.87402, f1: 0.63886
avg loss: 0.79372

Train Epoch: 158
task: dr_grade, loss: 0.03411, accuracy: 0.98834, kappa: 0.98946, f1: 0.98222
avg loss: 0.03411, lr: 0.000031

Test Epoch: 158
task: dr_grade, loss: 0.86880, accuracy: 0.83100, kappa: 0.86984, f1: 0.63249
avg loss: 0.86880

Train Epoch: 159
task: dr_grade, loss: 0.03576, accuracy: 0.98754, kappa: 0.98859, f1: 0.97233
avg loss: 0.03576, lr: 0.000030

Test Epoch: 159
task: dr_grade, loss: 0.83050, accuracy: 0.83140, kappa: 0.86723, f1: 0.64307
avg loss: 0.83050

Train Epoch: 160
task: dr_grade, loss: 0.03677, accuracy: 0.98658, kappa: 0.98404, f1: 0.97984
avg loss: 0.03677, lr: 0.000030

Test Epoch: 160
task: dr_grade, loss: 0.93215, accuracy: 0.81422, kappa: 0.84429, f1: 0.60126
avg loss: 0.93215

Train Epoch: 161
task: dr_grade, loss: 0.03578, accuracy: 0.98914, kappa: 0.98985, f1: 0.98055
avg loss: 0.03578, lr: 0.000029

Test Epoch: 161
task: dr_grade, loss: 0.84441, accuracy: 0.83700, kappa: 0.87121, f1: 0.63145
avg loss: 0.84441

Train Epoch: 162
task: dr_grade, loss: 0.03297, accuracy: 0.98946, kappa: 0.99046, f1: 0.98307
avg loss: 0.03297, lr: 0.000029

Test Epoch: 162
task: dr_grade, loss: 0.79465, accuracy: 0.83899, kappa: 0.86974, f1: 0.63224
avg loss: 0.79465

Train Epoch: 163
task: dr_grade, loss: 0.03308, accuracy: 0.98882, kappa: 0.98886, f1: 0.97960
avg loss: 0.03308, lr: 0.000028

Test Epoch: 163
task: dr_grade, loss: 0.81116, accuracy: 0.83859, kappa: 0.87013, f1: 0.62786
avg loss: 0.81116

Train Epoch: 164
task: dr_grade, loss: 0.03457, accuracy: 0.98866, kappa: 0.98956, f1: 0.97893
avg loss: 0.03457, lr: 0.000028

Test Epoch: 164
task: dr_grade, loss: 0.86573, accuracy: 0.82940, kappa: 0.86851, f1: 0.62687
avg loss: 0.86573

Train Epoch: 165
task: dr_grade, loss: 0.02993, accuracy: 0.99010, kappa: 0.98971, f1: 0.98227
avg loss: 0.02993, lr: 0.000027

Test Epoch: 165
task: dr_grade, loss: 0.92273, accuracy: 0.82421, kappa: 0.86851, f1: 0.61614
avg loss: 0.92273

Train Epoch: 166
task: dr_grade, loss: 0.02643, accuracy: 0.99073, kappa: 0.99114, f1: 0.98460
avg loss: 0.02643, lr: 0.000026

Test Epoch: 166
task: dr_grade, loss: 0.82202, accuracy: 0.83620, kappa: 0.87575, f1: 0.63123
avg loss: 0.82202

Train Epoch: 167
task: dr_grade, loss: 0.02922, accuracy: 0.98978, kappa: 0.98822, f1: 0.98555
avg loss: 0.02922, lr: 0.000026

Test Epoch: 167
task: dr_grade, loss: 0.86184, accuracy: 0.83220, kappa: 0.86064, f1: 0.61438
avg loss: 0.86184

Train Epoch: 168
task: dr_grade, loss: 0.02534, accuracy: 0.99089, kappa: 0.99057, f1: 0.98418
avg loss: 0.02534, lr: 0.000025

Test Epoch: 168
task: dr_grade, loss: 0.82722, accuracy: 0.83340, kappa: 0.87627, f1: 0.63560
avg loss: 0.82722

Train Epoch: 169
task: dr_grade, loss: 0.02359, accuracy: 0.99121, kappa: 0.99265, f1: 0.98377
avg loss: 0.02359, lr: 0.000025

Test Epoch: 169
task: dr_grade, loss: 0.81871, accuracy: 0.84658, kappa: 0.87251, f1: 0.63140
avg loss: 0.81871

Train Epoch: 170
task: dr_grade, loss: 0.02527, accuracy: 0.99137, kappa: 0.99073, f1: 0.98549
avg loss: 0.02527, lr: 0.000024

Test Epoch: 170
task: dr_grade, loss: 0.87028, accuracy: 0.83260, kappa: 0.87361, f1: 0.62393
avg loss: 0.87028

Train Epoch: 171
task: dr_grade, loss: 0.03362, accuracy: 0.98914, kappa: 0.98986, f1: 0.97718
avg loss: 0.03362, lr: 0.000024

Test Epoch: 171
task: dr_grade, loss: 0.87581, accuracy: 0.83220, kappa: 0.87569, f1: 0.62469
avg loss: 0.87581

Train Epoch: 172
task: dr_grade, loss: 0.02179, accuracy: 0.99361, kappa: 0.99346, f1: 0.98933
avg loss: 0.02179, lr: 0.000023

Test Epoch: 172
task: dr_grade, loss: 0.89861, accuracy: 0.83740, kappa: 0.86579, f1: 0.63442
avg loss: 0.89861

Train Epoch: 173
task: dr_grade, loss: 0.03435, accuracy: 0.98754, kappa: 0.98812, f1: 0.97755
avg loss: 0.03435, lr: 0.000023

Test Epoch: 173
task: dr_grade, loss: 0.81530, accuracy: 0.84019, kappa: 0.86504, f1: 0.63752
avg loss: 0.81530

Train Epoch: 174
task: dr_grade, loss: 0.02696, accuracy: 0.99042, kappa: 0.99147, f1: 0.98136
avg loss: 0.02696, lr: 0.000022

Test Epoch: 174
task: dr_grade, loss: 0.78352, accuracy: 0.84858, kappa: 0.87547, f1: 0.65480
avg loss: 0.78352

Train Epoch: 175
task: dr_grade, loss: 0.02074, accuracy: 0.99265, kappa: 0.99264, f1: 0.98930
avg loss: 0.02074, lr: 0.000021

Test Epoch: 175
task: dr_grade, loss: 0.92718, accuracy: 0.83700, kappa: 0.86404, f1: 0.62629
avg loss: 0.92718

Train Epoch: 176
task: dr_grade, loss: 0.02079, accuracy: 0.99473, kappa: 0.99407, f1: 0.99236
avg loss: 0.02079, lr: 0.000021

Test Epoch: 176
task: dr_grade, loss: 0.85721, accuracy: 0.85098, kappa: 0.87834, f1: 0.64462
avg loss: 0.85721

Train Epoch: 177
task: dr_grade, loss: 0.03114, accuracy: 0.99026, kappa: 0.99128, f1: 0.98267
avg loss: 0.03114, lr: 0.000020

Test Epoch: 177
task: dr_grade, loss: 0.83928, accuracy: 0.83939, kappa: 0.87171, f1: 0.63130
avg loss: 0.83928

Train Epoch: 178
task: dr_grade, loss: 0.02150, accuracy: 0.99297, kappa: 0.99275, f1: 0.99024
avg loss: 0.02150, lr: 0.000020

Test Epoch: 178
task: dr_grade, loss: 0.97255, accuracy: 0.81662, kappa: 0.86622, f1: 0.60627
avg loss: 0.97255

Train Epoch: 179
task: dr_grade, loss: 0.02330, accuracy: 0.99169, kappa: 0.99174, f1: 0.98284
avg loss: 0.02330, lr: 0.000019

Test Epoch: 179
task: dr_grade, loss: 0.86524, accuracy: 0.83939, kappa: 0.87046, f1: 0.62722
avg loss: 0.86524

Train Epoch: 180
task: dr_grade, loss: 0.01451, accuracy: 0.99457, kappa: 0.99437, f1: 0.99106
avg loss: 0.01451, lr: 0.000019

Test Epoch: 180
task: dr_grade, loss: 0.90734, accuracy: 0.84139, kappa: 0.86962, f1: 0.63602
avg loss: 0.90734

Train Epoch: 181
task: dr_grade, loss: 0.02144, accuracy: 0.99409, kappa: 0.99462, f1: 0.99212
avg loss: 0.02144, lr: 0.000018

Test Epoch: 181
task: dr_grade, loss: 0.87351, accuracy: 0.83460, kappa: 0.87108, f1: 0.62145
avg loss: 0.87351

Train Epoch: 182
task: dr_grade, loss: 0.01574, accuracy: 0.99505, kappa: 0.99528, f1: 0.98753
avg loss: 0.01574, lr: 0.000018

Test Epoch: 182
task: dr_grade, loss: 0.97537, accuracy: 0.83420, kappa: 0.86849, f1: 0.63493
avg loss: 0.97537

Train Epoch: 183
task: dr_grade, loss: 0.01710, accuracy: 0.99377, kappa: 0.99392, f1: 0.99038
avg loss: 0.01710, lr: 0.000017

Test Epoch: 183
task: dr_grade, loss: 0.89098, accuracy: 0.84419, kappa: 0.87730, f1: 0.63066
avg loss: 0.89098

Train Epoch: 184
task: dr_grade, loss: 0.01549, accuracy: 0.99537, kappa: 0.99458, f1: 0.99403
avg loss: 0.01549, lr: 0.000017

Test Epoch: 184
task: dr_grade, loss: 0.87276, accuracy: 0.84339, kappa: 0.87477, f1: 0.64832
avg loss: 0.87276

Train Epoch: 185
task: dr_grade, loss: 0.02482, accuracy: 0.99137, kappa: 0.99078, f1: 0.98598
avg loss: 0.02482, lr: 0.000016

Test Epoch: 185
task: dr_grade, loss: 0.89554, accuracy: 0.84738, kappa: 0.87553, f1: 0.63548
avg loss: 0.89554

Train Epoch: 186
task: dr_grade, loss: 0.01462, accuracy: 0.99521, kappa: 0.99544, f1: 0.99411
avg loss: 0.01462, lr: 0.000016

Test Epoch: 186
task: dr_grade, loss: 0.86470, accuracy: 0.84219, kappa: 0.87922, f1: 0.62075
avg loss: 0.86470

Train Epoch: 187
task: dr_grade, loss: 0.01532, accuracy: 0.99505, kappa: 0.99554, f1: 0.99283
avg loss: 0.01532, lr: 0.000016

Test Epoch: 187
task: dr_grade, loss: 0.86322, accuracy: 0.84618, kappa: 0.87183, f1: 0.64332
avg loss: 0.86322

Train Epoch: 188
task: dr_grade, loss: 0.02172, accuracy: 0.99361, kappa: 0.99340, f1: 0.98974
avg loss: 0.02172, lr: 0.000015

Test Epoch: 188
task: dr_grade, loss: 0.99860, accuracy: 0.81622, kappa: 0.87449, f1: 0.61051
avg loss: 0.99860

Train Epoch: 189
task: dr_grade, loss: 0.01530, accuracy: 0.99457, kappa: 0.99524, f1: 0.98850
avg loss: 0.01530, lr: 0.000015

Test Epoch: 189
task: dr_grade, loss: 0.89977, accuracy: 0.84339, kappa: 0.87816, f1: 0.62882
avg loss: 0.89977

Train Epoch: 190
task: dr_grade, loss: 0.01758, accuracy: 0.99409, kappa: 0.99477, f1: 0.98903
avg loss: 0.01758, lr: 0.000014

Test Epoch: 190
task: dr_grade, loss: 0.83125, accuracy: 0.84978, kappa: 0.87981, f1: 0.63647
avg loss: 0.83125

Train Epoch: 191
task: dr_grade, loss: 0.01594, accuracy: 0.99489, kappa: 0.99564, f1: 0.99094
avg loss: 0.01594, lr: 0.000014

Test Epoch: 191
task: dr_grade, loss: 0.91039, accuracy: 0.84019, kappa: 0.87109, f1: 0.62387
avg loss: 0.91039

Train Epoch: 192
task: dr_grade, loss: 0.01882, accuracy: 0.99489, kappa: 0.99518, f1: 0.99303
avg loss: 0.01882, lr: 0.000013

Test Epoch: 192
task: dr_grade, loss: 0.96156, accuracy: 0.83420, kappa: 0.87363, f1: 0.62858
avg loss: 0.96156

Train Epoch: 193
task: dr_grade, loss: 0.01610, accuracy: 0.99457, kappa: 0.99600, f1: 0.98705
avg loss: 0.01610, lr: 0.000013

Test Epoch: 193
task: dr_grade, loss: 0.89984, accuracy: 0.84658, kappa: 0.87123, f1: 0.64944
avg loss: 0.89984

Train Epoch: 194
task: dr_grade, loss: 0.01342, accuracy: 0.99553, kappa: 0.99539, f1: 0.99052
avg loss: 0.01342, lr: 0.000012

Test Epoch: 194
task: dr_grade, loss: 0.99101, accuracy: 0.83180, kappa: 0.85747, f1: 0.61490
avg loss: 0.99101

Train Epoch: 195
task: dr_grade, loss: 0.01592, accuracy: 0.99409, kappa: 0.99417, f1: 0.99120
avg loss: 0.01592, lr: 0.000012

Test Epoch: 195
task: dr_grade, loss: 0.90437, accuracy: 0.83859, kappa: 0.86945, f1: 0.62899
avg loss: 0.90437

Train Epoch: 196
task: dr_grade, loss: 0.01075, accuracy: 0.99617, kappa: 0.99635, f1: 0.99519
avg loss: 0.01075, lr: 0.000012

Test Epoch: 196
task: dr_grade, loss: 0.94551, accuracy: 0.83819, kappa: 0.86694, f1: 0.63525
avg loss: 0.94551

Train Epoch: 197
task: dr_grade, loss: 0.01380, accuracy: 0.99585, kappa: 0.99534, f1: 0.99323
avg loss: 0.01380, lr: 0.000011

Test Epoch: 197
task: dr_grade, loss: 0.92843, accuracy: 0.83899, kappa: 0.86163, f1: 0.62705
avg loss: 0.92843

Train Epoch: 198
task: dr_grade, loss: 0.01098, accuracy: 0.99633, kappa: 0.99716, f1: 0.99397
avg loss: 0.01098, lr: 0.000011

Test Epoch: 198
task: dr_grade, loss: 0.96078, accuracy: 0.84059, kappa: 0.86810, f1: 0.62622
avg loss: 0.96078

Train Epoch: 199
task: dr_grade, loss: 0.01165, accuracy: 0.99633, kappa: 0.99472, f1: 0.99659
avg loss: 0.01165, lr: 0.000010

Test Epoch: 199
task: dr_grade, loss: 0.95880, accuracy: 0.83540, kappa: 0.86918, f1: 0.62325
avg loss: 0.95880

Train Epoch: 200
task: dr_grade, loss: 0.00920, accuracy: 0.99728, kappa: 0.99686, f1: 0.99630
avg loss: 0.00920, lr: 0.000010

Test Epoch: 200
task: dr_grade, loss: 0.98221, accuracy: 0.84059, kappa: 0.86977, f1: 0.63812
avg loss: 0.98221

Train Epoch: 201
task: dr_grade, loss: 0.00943, accuracy: 0.99776, kappa: 0.99716, f1: 0.99599
avg loss: 0.00943, lr: 0.000010

Test Epoch: 201
task: dr_grade, loss: 1.03612, accuracy: 0.83460, kappa: 0.87126, f1: 0.61797
avg loss: 1.03612

Train Epoch: 202
task: dr_grade, loss: 0.01016, accuracy: 0.99617, kappa: 0.99589, f1: 0.99582
avg loss: 0.01016, lr: 0.000009

Test Epoch: 202
task: dr_grade, loss: 1.02936, accuracy: 0.83540, kappa: 0.87410, f1: 0.61394
avg loss: 1.02936

Train Epoch: 203
task: dr_grade, loss: 0.01180, accuracy: 0.99649, kappa: 0.99523, f1: 0.99409
avg loss: 0.01180, lr: 0.000009

Test Epoch: 203
task: dr_grade, loss: 1.05971, accuracy: 0.82661, kappa: 0.86785, f1: 0.60626
avg loss: 1.05971

Train Epoch: 204
task: dr_grade, loss: 0.00804, accuracy: 0.99681, kappa: 0.99747, f1: 0.99190
avg loss: 0.00804, lr: 0.000009

Test Epoch: 204
task: dr_grade, loss: 1.08103, accuracy: 0.82940, kappa: 0.86682, f1: 0.62439
avg loss: 1.08103

Train Epoch: 205
task: dr_grade, loss: 0.00993, accuracy: 0.99760, kappa: 0.99726, f1: 0.99574
avg loss: 0.00993, lr: 0.000008

Test Epoch: 205
task: dr_grade, loss: 1.02470, accuracy: 0.84019, kappa: 0.86577, f1: 0.63091
avg loss: 1.02470

Train Epoch: 206
task: dr_grade, loss: 0.01161, accuracy: 0.99665, kappa: 0.99726, f1: 0.99306
avg loss: 0.01161, lr: 0.000008

Test Epoch: 206
task: dr_grade, loss: 1.07562, accuracy: 0.83100, kappa: 0.87005, f1: 0.62325
avg loss: 1.07562

Train Epoch: 207
task: dr_grade, loss: 0.00949, accuracy: 0.99728, kappa: 0.99716, f1: 0.99508
avg loss: 0.00949, lr: 0.000008

Test Epoch: 207
task: dr_grade, loss: 1.05321, accuracy: 0.83779, kappa: 0.86953, f1: 0.63056
avg loss: 1.05321

Train Epoch: 208
task: dr_grade, loss: 0.01011, accuracy: 0.99617, kappa: 0.99726, f1: 0.98959
avg loss: 0.01011, lr: 0.000007

Test Epoch: 208
task: dr_grade, loss: 1.04133, accuracy: 0.83460, kappa: 0.86748, f1: 0.62552
avg loss: 1.04133

Train Epoch: 209
task: dr_grade, loss: 0.01185, accuracy: 0.99617, kappa: 0.99665, f1: 0.99375
avg loss: 0.01185, lr: 0.000007

Test Epoch: 209
task: dr_grade, loss: 1.01341, accuracy: 0.83859, kappa: 0.86708, f1: 0.63222
avg loss: 1.01341

Train Epoch: 210
task: dr_grade, loss: 0.01286, accuracy: 0.99633, kappa: 0.99625, f1: 0.99599
avg loss: 0.01286, lr: 0.000007

Test Epoch: 210
task: dr_grade, loss: 1.01051, accuracy: 0.83979, kappa: 0.87523, f1: 0.63993
avg loss: 1.01051

Train Epoch: 211
task: dr_grade, loss: 0.00932, accuracy: 0.99696, kappa: 0.99676, f1: 0.99599
avg loss: 0.00932, lr: 0.000006

Test Epoch: 211
task: dr_grade, loss: 1.00900, accuracy: 0.84099, kappa: 0.87329, f1: 0.64041
avg loss: 1.00900

Train Epoch: 212
task: dr_grade, loss: 0.01025, accuracy: 0.99712, kappa: 0.99726, f1: 0.99563
avg loss: 0.01025, lr: 0.000006

Test Epoch: 212
task: dr_grade, loss: 0.98787, accuracy: 0.83899, kappa: 0.87148, f1: 0.62824
avg loss: 0.98787

Train Epoch: 213
task: dr_grade, loss: 0.01016, accuracy: 0.99665, kappa: 0.99650, f1: 0.99501
avg loss: 0.01016, lr: 0.000006

Test Epoch: 213
task: dr_grade, loss: 0.95888, accuracy: 0.84139, kappa: 0.87425, f1: 0.63587
avg loss: 0.95888

Train Epoch: 214
task: dr_grade, loss: 0.00888, accuracy: 0.99744, kappa: 0.99661, f1: 0.99557
avg loss: 0.00888, lr: 0.000005

Test Epoch: 214
task: dr_grade, loss: 0.97391, accuracy: 0.84019, kappa: 0.87016, f1: 0.64094
avg loss: 0.97391

Train Epoch: 215
task: dr_grade, loss: 0.00663, accuracy: 0.99808, kappa: 0.99802, f1: 0.99694
avg loss: 0.00663, lr: 0.000005

Test Epoch: 215
task: dr_grade, loss: 0.99135, accuracy: 0.84419, kappa: 0.87464, f1: 0.63523
avg loss: 0.99135

Train Epoch: 216
task: dr_grade, loss: 0.00812, accuracy: 0.99728, kappa: 0.99701, f1: 0.99637
avg loss: 0.00812, lr: 0.000005

Test Epoch: 216
task: dr_grade, loss: 1.03785, accuracy: 0.83380, kappa: 0.87020, f1: 0.63279
avg loss: 1.03785

Train Epoch: 217
task: dr_grade, loss: 0.00458, accuracy: 0.99888, kappa: 0.99919, f1: 0.99710
avg loss: 0.00458, lr: 0.000005

Test Epoch: 217
task: dr_grade, loss: 0.99701, accuracy: 0.83819, kappa: 0.87092, f1: 0.62815
avg loss: 0.99701

Train Epoch: 218
task: dr_grade, loss: 0.00616, accuracy: 0.99824, kappa: 0.99813, f1: 0.99600
avg loss: 0.00616, lr: 0.000004

Test Epoch: 218
task: dr_grade, loss: 0.99792, accuracy: 0.84099, kappa: 0.87203, f1: 0.63391
avg loss: 0.99792

Train Epoch: 219
task: dr_grade, loss: 0.00787, accuracy: 0.99681, kappa: 0.99625, f1: 0.99478
avg loss: 0.00787, lr: 0.000004

Test Epoch: 219
task: dr_grade, loss: 1.00107, accuracy: 0.83899, kappa: 0.87703, f1: 0.63400
avg loss: 1.00107

Train Epoch: 220
task: dr_grade, loss: 0.00663, accuracy: 0.99760, kappa: 0.99802, f1: 0.99510
avg loss: 0.00663, lr: 0.000004

Test Epoch: 220
task: dr_grade, loss: 1.03628, accuracy: 0.83979, kappa: 0.87039, f1: 0.62597
avg loss: 1.03628

Train Epoch: 221
task: dr_grade, loss: 0.00926, accuracy: 0.99696, kappa: 0.99676, f1: 0.99503
avg loss: 0.00926, lr: 0.000004

Test Epoch: 221
task: dr_grade, loss: 0.99951, accuracy: 0.84419, kappa: 0.87332, f1: 0.62787
avg loss: 0.99951

Train Epoch: 222
task: dr_grade, loss: 0.00817, accuracy: 0.99728, kappa: 0.99686, f1: 0.99756
avg loss: 0.00817, lr: 0.000003

Test Epoch: 222
task: dr_grade, loss: 1.00953, accuracy: 0.84459, kappa: 0.87779, f1: 0.63578
avg loss: 1.00953

Train Epoch: 223
task: dr_grade, loss: 0.00749, accuracy: 0.99792, kappa: 0.99736, f1: 0.99752
avg loss: 0.00749, lr: 0.000003

Test Epoch: 223
task: dr_grade, loss: 0.97540, accuracy: 0.84139, kappa: 0.87463, f1: 0.63254
avg loss: 0.97540

Train Epoch: 224
task: dr_grade, loss: 0.00586, accuracy: 0.99872, kappa: 0.99883, f1: 0.99835
avg loss: 0.00586, lr: 0.000003

Test Epoch: 224
task: dr_grade, loss: 0.98230, accuracy: 0.84738, kappa: 0.87969, f1: 0.63925
avg loss: 0.98230

Train Epoch: 225
task: dr_grade, loss: 0.00477, accuracy: 0.99904, kappa: 0.99894, f1: 0.99854
avg loss: 0.00477, lr: 0.000003

Test Epoch: 225
task: dr_grade, loss: 1.01554, accuracy: 0.84219, kappa: 0.87292, f1: 0.63648
avg loss: 1.01554

Train Epoch: 226
task: dr_grade, loss: 0.00588, accuracy: 0.99856, kappa: 0.99863, f1: 0.99687
avg loss: 0.00588, lr: 0.000002

Test Epoch: 226
task: dr_grade, loss: 1.00778, accuracy: 0.84299, kappa: 0.87454, f1: 0.63271
avg loss: 1.00778

Train Epoch: 227
task: dr_grade, loss: 0.00592, accuracy: 0.99824, kappa: 0.99853, f1: 0.99720
avg loss: 0.00592, lr: 0.000002

Test Epoch: 227
task: dr_grade, loss: 1.04439, accuracy: 0.84059, kappa: 0.87364, f1: 0.63400
avg loss: 1.04439

Train Epoch: 228
task: dr_grade, loss: 0.00613, accuracy: 0.99792, kappa: 0.99828, f1: 0.99641
avg loss: 0.00613, lr: 0.000002

Test Epoch: 228
task: dr_grade, loss: 0.99138, accuracy: 0.84658, kappa: 0.87503, f1: 0.63850
avg loss: 0.99138

Train Epoch: 229
task: dr_grade, loss: 0.01002, accuracy: 0.99681, kappa: 0.99671, f1: 0.99508
avg loss: 0.01002, lr: 0.000002

Test Epoch: 229
task: dr_grade, loss: 0.96295, accuracy: 0.84579, kappa: 0.87822, f1: 0.62959
avg loss: 0.96295

Train Epoch: 230
task: dr_grade, loss: 0.00487, accuracy: 0.99856, kappa: 0.99833, f1: 0.99848
avg loss: 0.00487, lr: 0.000002

Test Epoch: 230
task: dr_grade, loss: 1.01852, accuracy: 0.84339, kappa: 0.87372, f1: 0.63764
avg loss: 1.01852

Train Epoch: 231
task: dr_grade, loss: 0.00485, accuracy: 0.99888, kappa: 0.99904, f1: 0.99737
avg loss: 0.00485, lr: 0.000002

Test Epoch: 231
task: dr_grade, loss: 1.02606, accuracy: 0.84059, kappa: 0.87088, f1: 0.62523
avg loss: 1.02606

Train Epoch: 232
task: dr_grade, loss: 0.00373, accuracy: 0.99856, kappa: 0.99863, f1: 0.99829
avg loss: 0.00373, lr: 0.000001

Test Epoch: 232
task: dr_grade, loss: 1.03378, accuracy: 0.84139, kappa: 0.87515, f1: 0.62352
avg loss: 1.03378

Train Epoch: 233
task: dr_grade, loss: 0.00448, accuracy: 0.99792, kappa: 0.99797, f1: 0.99572
avg loss: 0.00448, lr: 0.000001

Test Epoch: 233
task: dr_grade, loss: 1.02167, accuracy: 0.84139, kappa: 0.87525, f1: 0.62513
avg loss: 1.02167

Train Epoch: 234
task: dr_grade, loss: 0.00663, accuracy: 0.99792, kappa: 0.99767, f1: 0.99845
avg loss: 0.00663, lr: 0.000001

Test Epoch: 234
task: dr_grade, loss: 1.02157, accuracy: 0.84259, kappa: 0.87703, f1: 0.62654
avg loss: 1.02157

Train Epoch: 235
task: dr_grade, loss: 0.00712, accuracy: 0.99808, kappa: 0.99802, f1: 0.99715
avg loss: 0.00712, lr: 0.000001

Test Epoch: 235
task: dr_grade, loss: 1.05948, accuracy: 0.83939, kappa: 0.87293, f1: 0.63186
avg loss: 1.05948

Train Epoch: 236
task: dr_grade, loss: 0.00432, accuracy: 0.99872, kappa: 0.99873, f1: 0.99695
avg loss: 0.00432, lr: 0.000001

Test Epoch: 236
task: dr_grade, loss: 1.02291, accuracy: 0.84019, kappa: 0.87881, f1: 0.62886
avg loss: 1.02291

Train Epoch: 237
task: dr_grade, loss: 0.00682, accuracy: 0.99776, kappa: 0.99807, f1: 0.99688
avg loss: 0.00682, lr: 0.000001

Test Epoch: 237
task: dr_grade, loss: 1.00628, accuracy: 0.84139, kappa: 0.87791, f1: 0.62350
avg loss: 1.00628

Train Epoch: 238
task: dr_grade, loss: 0.00523, accuracy: 0.99840, kappa: 0.99813, f1: 0.99857
avg loss: 0.00523, lr: 0.000001

Test Epoch: 238
task: dr_grade, loss: 0.99571, accuracy: 0.84419, kappa: 0.87688, f1: 0.62901
avg loss: 0.99571

Train Epoch: 239
task: dr_grade, loss: 0.00508, accuracy: 0.99808, kappa: 0.99757, f1: 0.99577
avg loss: 0.00508, lr: 0.000001

Test Epoch: 239
task: dr_grade, loss: 1.01641, accuracy: 0.84579, kappa: 0.87634, f1: 0.63197
avg loss: 1.01641

Train Epoch: 240
task: dr_grade, loss: 0.00544, accuracy: 0.99792, kappa: 0.99782, f1: 0.99815
avg loss: 0.00544, lr: 0.000001

Test Epoch: 240
task: dr_grade, loss: 0.99876, accuracy: 0.84698, kappa: 0.87722, f1: 0.64027
avg loss: 0.99876

Train Epoch: 241
task: dr_grade, loss: 0.00536, accuracy: 0.99760, kappa: 0.99757, f1: 0.99663
avg loss: 0.00536, lr: 0.000000

Test Epoch: 241
task: dr_grade, loss: 1.02841, accuracy: 0.84299, kappa: 0.87502, f1: 0.63021
avg loss: 1.02841

Train Epoch: 242
task: dr_grade, loss: 0.00606, accuracy: 0.99808, kappa: 0.99787, f1: 0.99835
avg loss: 0.00606, lr: 0.000000

Test Epoch: 242
task: dr_grade, loss: 1.01033, accuracy: 0.84379, kappa: 0.87392, f1: 0.62761
avg loss: 1.01033

Train Epoch: 243
task: dr_grade, loss: 0.00671, accuracy: 0.99856, kappa: 0.99863, f1: 0.99810
avg loss: 0.00671, lr: 0.000000

Test Epoch: 243
task: dr_grade, loss: 0.99713, accuracy: 0.84379, kappa: 0.87361, f1: 0.63358
avg loss: 0.99713

Train Epoch: 244
task: dr_grade, loss: 0.00726, accuracy: 0.99808, kappa: 0.99818, f1: 0.99743
avg loss: 0.00726, lr: 0.000000

Test Epoch: 244
task: dr_grade, loss: 1.01070, accuracy: 0.84259, kappa: 0.87303, f1: 0.63179
avg loss: 1.01070

Train Epoch: 245
task: dr_grade, loss: 0.00698, accuracy: 0.99840, kappa: 0.99828, f1: 0.99775
avg loss: 0.00698, lr: 0.000000

Test Epoch: 245
task: dr_grade, loss: 0.98431, accuracy: 0.84579, kappa: 0.87578, f1: 0.63715
avg loss: 0.98431

Train Epoch: 246
task: dr_grade, loss: 0.00382, accuracy: 0.99888, kappa: 0.99858, f1: 0.99946
avg loss: 0.00382, lr: 0.000000

Test Epoch: 246
task: dr_grade, loss: 1.00901, accuracy: 0.84259, kappa: 0.87666, f1: 0.62655
avg loss: 1.00901

Train Epoch: 247
task: dr_grade, loss: 0.00393, accuracy: 0.99888, kappa: 0.99889, f1: 0.99892
avg loss: 0.00393, lr: 0.000000

Test Epoch: 247
task: dr_grade, loss: 1.01982, accuracy: 0.84139, kappa: 0.87459, f1: 0.62452
avg loss: 1.01982

Train Epoch: 248
task: dr_grade, loss: 0.00734, accuracy: 0.99712, kappa: 0.99772, f1: 0.99466
avg loss: 0.00734, lr: 0.000000

Test Epoch: 248
task: dr_grade, loss: 1.01977, accuracy: 0.84219, kappa: 0.87705, f1: 0.63296
avg loss: 1.01977

Train Epoch: 249
task: dr_grade, loss: 0.00437, accuracy: 0.99888, kappa: 0.99873, f1: 0.99882
avg loss: 0.00437, lr: 0.000000

Test Epoch: 249
task: dr_grade, loss: 1.01566, accuracy: 0.84379, kappa: 0.87366, f1: 0.63196
avg loss: 1.01566

Train Epoch: 250
task: dr_grade, loss: 0.00319, accuracy: 0.99936, kappa: 0.99934, f1: 0.99941
avg loss: 0.00319, lr: 0.000000

Test Epoch: 250
task: dr_grade, loss: 1.04064, accuracy: 0.84059, kappa: 0.87358, f1: 0.62760
avg loss: 1.04064

Checkpoint complet sauvegardé : ips-project/outputs/ips_ddr_v1.pt
History sauvegardée : ips-project/outputs/ips_ddr_v1_history.json
Expérience sauvegardée : ips-project/outputs/ips_ddr_v1_experiment.csv
Probs : {'dr_grade': array([9.9989903e-01, 2.8758501e-05, 5.6846391e-05, 6.8981376e-06,
       8.4276444e-06], dtype=float32)}
Label prédit : {'dr_grade': 0} | Label réel : 0
  Sauvegardé : ips-project/results/ips-keras-style/saliency/ips_ddr_v1_saliency_00_img456.png
  Patches    : ips-project/results/ips-keras-style/saliency/ips_ddr_v1_patches_00_img456.npy
  Sauvegardé : ips-project/results/ips-keras-style/saliency/ips_ddr_v1_saliency_01_img102.png
  Patches    : ips-project/results/ips-keras-style/saliency/ips_ddr_v1_patches_01_img102.npy
  Sauvegardé : ips-project/results/ips-keras-style/saliency/ips_ddr_v1_saliency_02_img1126.png
  Patches    : ips-project/results/ips-keras-style/saliency/ips_ddr_v1_patches_02_img1126.npy
  Sauvegardé : ips-project/results/ips-keras-style/saliency/ips_ddr_v1_saliency_03_img1003.png
  Patches    : ips-project/results/ips-keras-style/saliency/ips_ddr_v1_patches_03_img1003.npy
  Sauvegardé : ips-project/results/ips-keras-style/saliency/ips_ddr_v1_saliency_04_img914.png
  Patches    : ips-project/results/ips-keras-style/saliency/ips_ddr_v1_patches_04_img914.npy
CSV : ips-project/results/ips-keras-style/saliency/ips_ddr_v1_saliency.csv  (50 lignes)
=========================================
Terminé : Sun May 24 05:51:35 AM CEST 2026
Exit code : 0

[DONE] Succès.

── Résultats dans ips-project/results/ips-keras-style ──

  Checkpoints :
